// Jest Snapshot v1, https://goo.gl/fbAQLP

exports[`App renders without crashing 1`] = `
<Layout
  className="layout"
>
  <Header>
    <withRouter(HeaderContainer) />
  </Header>
  <Content>
    <Switch>
      <Route
        component={
          Object {
            "$$typeof": Symbol(react.forward_ref),
            "displayName": "inject-with-VideoStore(UploadVideoPage)",
            "isMobxInjector": true,
            "render": [Function],
            "wrappedComponent": [Function],
          }
        }
        path="/upload"
      />
      <Route
        component={
          Object {
            "$$typeof": Symbol(react.forward_ref),
            "displayName": "inject-with-VideoStore(VideosListPage)",
            "isMobxInjector": true,
            "render": [Function],
            "wrappedComponent": [Function],
          }
        }
        path="/"
      />
    </Switch>
  </Content>
</Layout>
`;
